Analysis & Synthesis report for DE0_TOP
Sun Dec 13 15:58:44 2020
Quartus II 64-Bit Version 13.0.1 Build 232 06/12/2013 Service Pack 1 SJ Web Edition


---------------------
; Table of Contents ;
---------------------
  1. Legal Notice
  2. Analysis & Synthesis Summary
  3. Analysis & Synthesis Settings
  4. Parallel Compilation
  5. Analysis & Synthesis Source Files Read
  6. Analysis & Synthesis Resource Usage Summary
  7. Analysis & Synthesis Resource Utilization by Entity
  8. State Machine - |DE0_TOP|my_top:my_top_instance|safe:safe_instance|state_reg
  9. General Register Statistics
 10. Multiplexer Restructuring Statistics (Restructuring Performed)
 11. Parameter Settings for User Entity Instance: my_top:my_top_instance|pushed_button_duration:pushed_button_duration_instance|register:cntr
 12. Parameter Settings for User Entity Instance: my_top:my_top_instance|safe:safe_instance|register:generate_block[0].register
 13. Parameter Settings for User Entity Instance: my_top:my_top_instance|safe:safe_instance|register:generate_block[1].register
 14. Parameter Settings for User Entity Instance: my_top:my_top_instance|safe:safe_instance|register:generate_block[2].register
 15. Parameter Settings for User Entity Instance: my_top:my_top_instance|safe:safe_instance|register:generate_block[3].register
 16. Parameter Settings for User Entity Instance: my_top:my_top_instance|safe:safe_instance|register:generate_block[4].register
 17. Parameter Settings for User Entity Instance: my_top:my_top_instance|safe:safe_instance|register:generate_block[5].register
 18. Parameter Settings for User Entity Instance: my_top:my_top_instance|safe:safe_instance|register:cntr
 19. Parameter Settings for User Entity Instance: my_top:my_top_instance|safe:safe_instance|register:round
 20. Port Connectivity Checks: "my_top:my_top_instance|safe:safe_instance|register:round"
 21. Port Connectivity Checks: "my_top:my_top_instance|safe:safe_instance|register:cntr"
 22. Port Connectivity Checks: "my_top:my_top_instance|safe:safe_instance|register:generate_block[2].register"
 23. Port Connectivity Checks: "my_top:my_top_instance|safe:safe_instance|register:generate_block[1].register"
 24. Port Connectivity Checks: "my_top:my_top_instance|safe:safe_instance|register:generate_block[0].register"
 25. Port Connectivity Checks: "my_top:my_top_instance|pushed_button_duration:pushed_button_duration_instance|register:cntr"
 26. Elapsed Time Per Partition
 27. Analysis & Synthesis Messages



----------------
; Legal Notice ;
----------------
Copyright (C) 1991-2013 Altera Corporation
Your use of Altera Corporation's design tools, logic functions 
and other software and tools, and its AMPP partner logic 
functions, and any output files from any of the foregoing 
(including device programming or simulation files), and any 
associated documentation or information are expressly subject 
to the terms and conditions of the Altera Program License 
Subscription Agreement, Altera MegaCore Function License 
Agreement, or other applicable license agreement, including, 
without limitation, that your use is for the sole purpose of 
programming logic devices manufactured by Altera and sold by 
Altera or its authorized distributors.  Please refer to the 
applicable agreement for further details.



+--------------------------------------------------------------------------------------+
; Analysis & Synthesis Summary                                                         ;
+------------------------------------+-------------------------------------------------+
; Analysis & Synthesis Status        ; Successful - Sun Dec 13 15:58:44 2020           ;
; Quartus II 64-Bit Version          ; 13.0.1 Build 232 06/12/2013 SP 1 SJ Web Edition ;
; Revision Name                      ; DE0_TOP                                         ;
; Top-level Entity Name              ; DE0_TOP                                         ;
; Family                             ; Cyclone III                                     ;
; Total logic elements               ; 177                                             ;
;     Total combinational functions  ; 163                                             ;
;     Dedicated logic registers      ; 87                                              ;
; Total registers                    ; 87                                              ;
; Total pins                         ; 252                                             ;
; Total virtual pins                 ; 0                                               ;
; Total memory bits                  ; 0                                               ;
; Embedded Multiplier 9-bit elements ; 0                                               ;
; Total PLLs                         ; 0                                               ;
+------------------------------------+-------------------------------------------------+


+----------------------------------------------------------------------------------------------------------------------+
; Analysis & Synthesis Settings                                                                                        ;
+----------------------------------------------------------------------------+--------------------+--------------------+
; Option                                                                     ; Setting            ; Default Value      ;
+----------------------------------------------------------------------------+--------------------+--------------------+
; Device                                                                     ; EP3C16F484C6       ;                    ;
; Top-level entity name                                                      ; DE0_TOP            ; DE0_TOP            ;
; Family name                                                                ; Cyclone III        ; Cyclone IV GX      ;
; Use smart compilation                                                      ; Off                ; Off                ;
; Enable parallel Assembler and TimeQuest Timing Analyzer during compilation ; On                 ; On                 ;
; Enable compact report table                                                ; Off                ; Off                ;
; Restructure Multiplexers                                                   ; Auto               ; Auto               ;
; Create Debugging Nodes for IP Cores                                        ; Off                ; Off                ;
; Preserve fewer node names                                                  ; On                 ; On                 ;
; Disable OpenCore Plus hardware evaluation                                  ; Off                ; Off                ;
; Verilog Version                                                            ; Verilog_2001       ; Verilog_2001       ;
; VHDL Version                                                               ; VHDL_1993          ; VHDL_1993          ;
; State Machine Processing                                                   ; Auto               ; Auto               ;
; Safe State Machine                                                         ; Off                ; Off                ;
; Extract Verilog State Machines                                             ; On                 ; On                 ;
; Extract VHDL State Machines                                                ; On                 ; On                 ;
; Ignore Verilog initial constructs                                          ; Off                ; Off                ;
; Iteration limit for constant Verilog loops                                 ; 5000               ; 5000               ;
; Iteration limit for non-constant Verilog loops                             ; 250                ; 250                ;
; Add Pass-Through Logic to Inferred RAMs                                    ; On                 ; On                 ;
; Infer RAMs from Raw Logic                                                  ; On                 ; On                 ;
; Parallel Synthesis                                                         ; On                 ; On                 ;
; DSP Block Balancing                                                        ; Auto               ; Auto               ;
; NOT Gate Push-Back                                                         ; On                 ; On                 ;
; Power-Up Don't Care                                                        ; On                 ; On                 ;
; Remove Redundant Logic Cells                                               ; Off                ; Off                ;
; Remove Duplicate Registers                                                 ; On                 ; On                 ;
; Ignore CARRY Buffers                                                       ; Off                ; Off                ;
; Ignore CASCADE Buffers                                                     ; Off                ; Off                ;
; Ignore GLOBAL Buffers                                                      ; Off                ; Off                ;
; Ignore ROW GLOBAL Buffers                                                  ; Off                ; Off                ;
; Ignore LCELL Buffers                                                       ; Off                ; Off                ;
; Ignore SOFT Buffers                                                        ; On                 ; On                 ;
; Limit AHDL Integers to 32 Bits                                             ; Off                ; Off                ;
; Optimization Technique                                                     ; Balanced           ; Balanced           ;
; Carry Chain Length                                                         ; 70                 ; 70                 ;
; Auto Carry Chains                                                          ; On                 ; On                 ;
; Auto Open-Drain Pins                                                       ; On                 ; On                 ;
; Perform WYSIWYG Primitive Resynthesis                                      ; Off                ; Off                ;
; Auto ROM Replacement                                                       ; On                 ; On                 ;
; Auto RAM Replacement                                                       ; On                 ; On                 ;
; Auto DSP Block Replacement                                                 ; On                 ; On                 ;
; Auto Shift Register Replacement                                            ; Auto               ; Auto               ;
; Allow Shift Register Merging across Hierarchies                            ; Auto               ; Auto               ;
; Auto Clock Enable Replacement                                              ; On                 ; On                 ;
; Strict RAM Replacement                                                     ; Off                ; Off                ;
; Allow Synchronous Control Signals                                          ; On                 ; On                 ;
; Force Use of Synchronous Clear Signals                                     ; Off                ; Off                ;
; Auto RAM Block Balancing                                                   ; On                 ; On                 ;
; Auto RAM to Logic Cell Conversion                                          ; Off                ; Off                ;
; Auto Resource Sharing                                                      ; Off                ; Off                ;
; Allow Any RAM Size For Recognition                                         ; Off                ; Off                ;
; Allow Any ROM Size For Recognition                                         ; Off                ; Off                ;
; Allow Any Shift Register Size For Recognition                              ; Off                ; Off                ;
; Use LogicLock Constraints during Resource Balancing                        ; On                 ; On                 ;
; Ignore translate_off and synthesis_off directives                          ; Off                ; Off                ;
; Timing-Driven Synthesis                                                    ; On                 ; On                 ;
; Report Parameter Settings                                                  ; On                 ; On                 ;
; Report Source Assignments                                                  ; On                 ; On                 ;
; Report Connectivity Checks                                                 ; On                 ; On                 ;
; Ignore Maximum Fan-Out Assignments                                         ; Off                ; Off                ;
; Synchronization Register Chain Length                                      ; 2                  ; 2                  ;
; PowerPlay Power Optimization                                               ; Normal compilation ; Normal compilation ;
; HDL message level                                                          ; Level2             ; Level2             ;
; Suppress Register Optimization Related Messages                            ; Off                ; Off                ;
; Number of Removed Registers Reported in Synthesis Report                   ; 5000               ; 5000               ;
; Number of Swept Nodes Reported in Synthesis Report                         ; 5000               ; 5000               ;
; Number of Inverted Registers Reported in Synthesis Report                  ; 100                ; 100                ;
; Clock MUX Protection                                                       ; On                 ; On                 ;
; Auto Gated Clock Conversion                                                ; Off                ; Off                ;
; Block Design Naming                                                        ; Auto               ; Auto               ;
; SDC constraint protection                                                  ; Off                ; Off                ;
; Synthesis Effort                                                           ; Auto               ; Auto               ;
; Shift Register Replacement - Allow Asynchronous Clear Signal               ; On                 ; On                 ;
; Pre-Mapping Resynthesis Optimization                                       ; Off                ; Off                ;
; Analysis & Synthesis Message Level                                         ; Medium             ; Medium             ;
; Disable Register Merging Across Hierarchies                                ; Auto               ; Auto               ;
; Resource Aware Inference For Block RAM                                     ; On                 ; On                 ;
; Synthesis Seed                                                             ; 1                  ; 1                  ;
+----------------------------------------------------------------------------+--------------------+--------------------+


Parallel compilation was disabled, but you have multiple processors available. Enable parallel compilation to reduce compilation time.
+-------------------------------------+
; Parallel Compilation                ;
+----------------------------+--------+
; Processors                 ; Number ;
+----------------------------+--------+
; Number detected on machine ; 4      ;
; Maximum allowed            ; 1      ;
+----------------------------+--------+


+------------------------------------------------------------------------------------------------------------------------------------------------------------+
; Analysis & Synthesis Source Files Read                                                                                                                     ;
+----------------------------------+-----------------+------------------------------+--------------------------------------------------------------+---------+
; File Name with User-Entered Path ; Used in Netlist ; File Type                    ; File Name with Absolute Path                                 ; Library ;
+----------------------------------+-----------------+------------------------------+--------------------------------------------------------------+---------+
; my_top.v                         ; yes             ; User Verilog HDL File        ; D:/Drive/Projects/VLSI/safe/DE0_TOP/my_top.v                 ;         ;
; safe.v                           ; yes             ; User Verilog HDL File        ; D:/Drive/Projects/VLSI/safe/DE0_TOP/safe.v                   ;         ;
; pushed_button_duration.v         ; yes             ; User Verilog HDL File        ; D:/Drive/Projects/VLSI/safe/DE0_TOP/pushed_button_duration.v ;         ;
; register.v                       ; yes             ; User Verilog HDL File        ; D:/Drive/Projects/VLSI/safe/DE0_TOP/register.v               ;         ;
; DE0_TOP.v                        ; yes             ; User Verilog HDL File        ; D:/Drive/Projects/VLSI/safe/DE0_TOP/DE0_TOP.v                ;         ;
; register.vh                      ; yes             ; Auto-Found Unspecified File  ; D:/Drive/Projects/VLSI/safe/DE0_TOP/register.vh              ;         ;
+----------------------------------+-----------------+------------------------------+--------------------------------------------------------------+---------+


+--------------------------------------------------------------+
; Analysis & Synthesis Resource Usage Summary                  ;
+---------------------------------------------+----------------+
; Resource                                    ; Usage          ;
+---------------------------------------------+----------------+
; Estimated Total logic elements              ; 177            ;
;                                             ;                ;
; Total combinational functions               ; 163            ;
; Logic element usage by number of LUT inputs ;                ;
;     -- 4 input functions                    ; 75             ;
;     -- 3 input functions                    ; 22             ;
;     -- <=2 input functions                  ; 66             ;
;                                             ;                ;
; Logic elements by mode                      ;                ;
;     -- normal mode                          ; 109            ;
;     -- arithmetic mode                      ; 54             ;
;                                             ;                ;
; Total registers                             ; 87             ;
;     -- Dedicated logic registers            ; 87             ;
;     -- I/O registers                        ; 0              ;
;                                             ;                ;
; I/O pins                                    ; 252            ;
; Embedded Multiplier 9-bit elements          ; 0              ;
; Maximum fan-out node                        ; CLOCK_50~input ;
; Maximum fan-out                             ; 87             ;
; Total fan-out                               ; 1278           ;
; Average fan-out                             ; 1.48           ;
+---------------------------------------------+----------------+


+--------------------------------------------------------------------------------------------------------------------------------------------------------------------------------------------------------------------------------------------------------------------------------------------------+
; Analysis & Synthesis Resource Utilization by Entity                                                                                                                                                                                                                                              ;
+----------------------------------------------------------------+-------------------+--------------+-------------+--------------+---------+-----------+------+--------------+------------------------------------------------------------------------------------------------------+--------------+
; Compilation Hierarchy Node                                     ; LC Combinationals ; LC Registers ; Memory Bits ; DSP Elements ; DSP 9x9 ; DSP 18x18 ; Pins ; Virtual Pins ; Full Hierarchy Name                                                                                  ; Library Name ;
+----------------------------------------------------------------+-------------------+--------------+-------------+--------------+---------+-----------+------+--------------+------------------------------------------------------------------------------------------------------+--------------+
; |DE0_TOP                                                       ; 163 (0)           ; 87 (0)       ; 0           ; 0            ; 0       ; 0         ; 252  ; 0            ; |DE0_TOP                                                                                             ; work         ;
;    |my_top:my_top_instance|                                    ; 163 (0)           ; 87 (0)       ; 0           ; 0            ; 0       ; 0         ; 0    ; 0            ; |DE0_TOP|my_top:my_top_instance                                                                      ; work         ;
;       |pushed_button_duration:pushed_button_duration_instance| ; 39 (10)           ; 30 (2)       ; 0           ; 0            ; 0       ; 0         ; 0    ; 0            ; |DE0_TOP|my_top:my_top_instance|pushed_button_duration:pushed_button_duration_instance               ; work         ;
;          |register:cntr|                                       ; 29 (29)           ; 28 (28)      ; 0           ; 0            ; 0       ; 0         ; 0    ; 0            ; |DE0_TOP|my_top:my_top_instance|pushed_button_duration:pushed_button_duration_instance|register:cntr ; work         ;
;       |safe:safe_instance|                                     ; 124 (57)          ; 57 (3)       ; 0           ; 0            ; 0       ; 0         ; 0    ; 0            ; |DE0_TOP|my_top:my_top_instance|safe:safe_instance                                                   ; work         ;
;          |register:cntr|                                       ; 28 (28)           ; 28 (28)      ; 0           ; 0            ; 0       ; 0         ; 0    ; 0            ; |DE0_TOP|my_top:my_top_instance|safe:safe_instance|register:cntr                                     ; work         ;
;          |register:generate_block[0].register|                 ; 0 (0)             ; 4 (4)        ; 0           ; 0            ; 0       ; 0         ; 0    ; 0            ; |DE0_TOP|my_top:my_top_instance|safe:safe_instance|register:generate_block[0].register               ; work         ;
;          |register:generate_block[1].register|                 ; 0 (0)             ; 4 (4)        ; 0           ; 0            ; 0       ; 0         ; 0    ; 0            ; |DE0_TOP|my_top:my_top_instance|safe:safe_instance|register:generate_block[1].register               ; work         ;
;          |register:generate_block[2].register|                 ; 1 (1)             ; 4 (4)        ; 0           ; 0            ; 0       ; 0         ; 0    ; 0            ; |DE0_TOP|my_top:my_top_instance|safe:safe_instance|register:generate_block[2].register               ; work         ;
;          |register:generate_block[3].register|                 ; 8 (8)             ; 4 (4)        ; 0           ; 0            ; 0       ; 0         ; 0    ; 0            ; |DE0_TOP|my_top:my_top_instance|safe:safe_instance|register:generate_block[3].register               ; work         ;
;          |register:generate_block[4].register|                 ; 14 (14)           ; 4 (4)        ; 0           ; 0            ; 0       ; 0         ; 0    ; 0            ; |DE0_TOP|my_top:my_top_instance|safe:safe_instance|register:generate_block[4].register               ; work         ;
;          |register:generate_block[5].register|                 ; 13 (13)           ; 4 (4)        ; 0           ; 0            ; 0       ; 0         ; 0    ; 0            ; |DE0_TOP|my_top:my_top_instance|safe:safe_instance|register:generate_block[5].register               ; work         ;
;          |register:round|                                      ; 3 (3)             ; 2 (2)        ; 0           ; 0            ; 0       ; 0         ; 0    ; 0            ; |DE0_TOP|my_top:my_top_instance|safe:safe_instance|register:round                                    ; work         ;
+----------------------------------------------------------------+-------------------+--------------+-------------+--------------+---------+-----------+------+--------------+------------------------------------------------------------------------------------------------------+--------------+
Note: For table entries with two numbers listed, the numbers in parentheses indicate the number of resources of the given type used by the specific entity alone. The numbers listed outside of parentheses indicate the total resources of the given type used by the specific entity and all of its sub-entities in the hierarchy.


Encoding Type:  One-Hot
+-----------------------------------------------------------------------------------+
; State Machine - |DE0_TOP|my_top:my_top_instance|safe:safe_instance|state_reg      ;
+---------------------+---------------------+--------------------+------------------+
; Name                ; state_reg.PIN_SETUP ; state_reg.UNLOCKED ; state_reg.LOCKED ;
+---------------------+---------------------+--------------------+------------------+
; state_reg.PIN_SETUP ; 0                   ; 0                  ; 0                ;
; state_reg.LOCKED    ; 1                   ; 0                  ; 1                ;
; state_reg.UNLOCKED  ; 1                   ; 1                  ; 0                ;
+---------------------+---------------------+--------------------+------------------+


+------------------------------------------------------+
; General Register Statistics                          ;
+----------------------------------------------+-------+
; Statistic                                    ; Value ;
+----------------------------------------------+-------+
; Total registers                              ; 87    ;
; Number of registers using Synchronous Clear  ; 56    ;
; Number of registers using Synchronous Load   ; 6     ;
; Number of registers using Asynchronous Clear ; 87    ;
; Number of registers using Asynchronous Load  ; 0     ;
; Number of registers using Clock Enable       ; 82    ;
; Number of registers using Preset             ; 0     ;
+----------------------------------------------+-------+


+--------------------------------------------------------------------------------------------------------------------------------------------------------------------------------------------------------------------------------+
; Multiplexer Restructuring Statistics (Restructuring Performed)                                                                                                                                                                 ;
+--------------------+-----------+---------------+----------------------+------------------------+------------+------------------------------------------------------------------------------------------------------------------+
; Multiplexer Inputs ; Bus Width ; Baseline Area ; Area if Restructured ; Saving if Restructured ; Registered ; Example Multiplexer Output                                                                                       ;
+--------------------+-----------+---------------+----------------------+------------------------+------------+------------------------------------------------------------------------------------------------------------------+
; 4:1                ; 28 bits   ; 56 LEs        ; 28 LEs               ; 28 LEs                 ; Yes        ; |DE0_TOP|my_top:my_top_instance|safe:safe_instance|register:cntr|data_reg[27]                                    ;
; 4:1                ; 28 bits   ; 56 LEs        ; 28 LEs               ; 28 LEs                 ; Yes        ; |DE0_TOP|my_top:my_top_instance|pushed_button_duration:pushed_button_duration_instance|register:cntr|data_reg[0] ;
; 8:1                ; 2 bits    ; 10 LEs        ; 2 LEs                ; 8 LEs                  ; Yes        ; |DE0_TOP|my_top:my_top_instance|safe:safe_instance|register:round|data_reg[0]                                    ;
; 10:1               ; 3 bits    ; 18 LEs        ; 6 LEs                ; 12 LEs                 ; Yes        ; |DE0_TOP|my_top:my_top_instance|safe:safe_instance|register:generate_block[3].register|data_reg[1]               ;
; 10:1               ; 2 bits    ; 12 LEs        ; 4 LEs                ; 8 LEs                  ; Yes        ; |DE0_TOP|my_top:my_top_instance|safe:safe_instance|register:generate_block[4].register|data_reg[0]               ;
; 10:1               ; 6 bits    ; 36 LEs        ; 12 LEs               ; 24 LEs                 ; Yes        ; |DE0_TOP|my_top:my_top_instance|safe:safe_instance|register:generate_block[5].register|data_reg[3]               ;
; 5:1                ; 12 bits   ; 36 LEs        ; 12 LEs               ; 24 LEs                 ; Yes        ; |DE0_TOP|my_top:my_top_instance|safe:safe_instance|register:generate_block[2].register|data_reg[2]               ;
; 4:1                ; 4 bits    ; 8 LEs         ; 8 LEs                ; 0 LEs                  ; No         ; |DE0_TOP|my_top:my_top_instance|safe:safe_instance|Mux10                                                         ;
; 3:1                ; 4 bits    ; 8 LEs         ; 8 LEs                ; 0 LEs                  ; No         ; |DE0_TOP|my_top:my_top_instance|safe:safe_instance|Selector10                                                    ;
; 7:1                ; 2 bits    ; 8 LEs         ; 6 LEs                ; 2 LEs                  ; No         ; |DE0_TOP|my_top:my_top_instance|safe:safe_instance|Selector7                                                     ;
+--------------------+-----------+---------------+----------------------+------------------------+------------+------------------------------------------------------------------------------------------------------------------+


+------------------------------------------------------------------------------------------------------------------------------------------+
; Parameter Settings for User Entity Instance: my_top:my_top_instance|pushed_button_duration:pushed_button_duration_instance|register:cntr ;
+----------------+-------+-----------------------------------------------------------------------------------------------------------------+
; Parameter Name ; Value ; Type                                                                                                            ;
+----------------+-------+-----------------------------------------------------------------------------------------------------------------+
; WIDTH          ; 28    ; Signed Integer                                                                                                  ;
+----------------+-------+-----------------------------------------------------------------------------------------------------------------+
Note: In order to hide this table in the UI and the text report file, please set the "Show Parameter Settings in Synthesis Report" option in "Analysis and Synthesis Settings -> More Settings" to "Off".


+----------------------------------------------------------------------------------------------------------------------------+
; Parameter Settings for User Entity Instance: my_top:my_top_instance|safe:safe_instance|register:generate_block[0].register ;
+----------------+-------+---------------------------------------------------------------------------------------------------+
; Parameter Name ; Value ; Type                                                                                              ;
+----------------+-------+---------------------------------------------------------------------------------------------------+
; WIDTH          ; 4     ; Signed Integer                                                                                    ;
+----------------+-------+---------------------------------------------------------------------------------------------------+
Note: In order to hide this table in the UI and the text report file, please set the "Show Parameter Settings in Synthesis Report" option in "Analysis and Synthesis Settings -> More Settings" to "Off".


+----------------------------------------------------------------------------------------------------------------------------+
; Parameter Settings for User Entity Instance: my_top:my_top_instance|safe:safe_instance|register:generate_block[1].register ;
+----------------+-------+---------------------------------------------------------------------------------------------------+
; Parameter Name ; Value ; Type                                                                                              ;
+----------------+-------+---------------------------------------------------------------------------------------------------+
; WIDTH          ; 4     ; Signed Integer                                                                                    ;
+----------------+-------+---------------------------------------------------------------------------------------------------+
Note: In order to hide this table in the UI and the text report file, please set the "Show Parameter Settings in Synthesis Report" option in "Analysis and Synthesis Settings -> More Settings" to "Off".


+----------------------------------------------------------------------------------------------------------------------------+
; Parameter Settings for User Entity Instance: my_top:my_top_instance|safe:safe_instance|register:generate_block[2].register ;
+----------------+-------+---------------------------------------------------------------------------------------------------+
; Parameter Name ; Value ; Type                                                                                              ;
+----------------+-------+---------------------------------------------------------------------------------------------------+
; WIDTH          ; 4     ; Signed Integer                                                                                    ;
+----------------+-------+---------------------------------------------------------------------------------------------------+
Note: In order to hide this table in the UI and the text report file, please set the "Show Parameter Settings in Synthesis Report" option in "Analysis and Synthesis Settings -> More Settings" to "Off".


+----------------------------------------------------------------------------------------------------------------------------+
; Parameter Settings for User Entity Instance: my_top:my_top_instance|safe:safe_instance|register:generate_block[3].register ;
+----------------+-------+---------------------------------------------------------------------------------------------------+
; Parameter Name ; Value ; Type                                                                                              ;
+----------------+-------+---------------------------------------------------------------------------------------------------+
; WIDTH          ; 4     ; Signed Integer                                                                                    ;
+----------------+-------+---------------------------------------------------------------------------------------------------+
Note: In order to hide this table in the UI and the text report file, please set the "Show Parameter Settings in Synthesis Report" option in "Analysis and Synthesis Settings -> More Settings" to "Off".


+----------------------------------------------------------------------------------------------------------------------------+
; Parameter Settings for User Entity Instance: my_top:my_top_instance|safe:safe_instance|register:generate_block[4].register ;
+----------------+-------+---------------------------------------------------------------------------------------------------+
; Parameter Name ; Value ; Type                                                                                              ;
+----------------+-------+---------------------------------------------------------------------------------------------------+
; WIDTH          ; 4     ; Signed Integer                                                                                    ;
+----------------+-------+---------------------------------------------------------------------------------------------------+
Note: In order to hide this table in the UI and the text report file, please set the "Show Parameter Settings in Synthesis Report" option in "Analysis and Synthesis Settings -> More Settings" to "Off".


+----------------------------------------------------------------------------------------------------------------------------+
; Parameter Settings for User Entity Instance: my_top:my_top_instance|safe:safe_instance|register:generate_block[5].register ;
+----------------+-------+---------------------------------------------------------------------------------------------------+
; Parameter Name ; Value ; Type                                                                                              ;
+----------------+-------+---------------------------------------------------------------------------------------------------+
; WIDTH          ; 4     ; Signed Integer                                                                                    ;
+----------------+-------+---------------------------------------------------------------------------------------------------+
Note: In order to hide this table in the UI and the text report file, please set the "Show Parameter Settings in Synthesis Report" option in "Analysis and Synthesis Settings -> More Settings" to "Off".


+------------------------------------------------------------------------------------------------------+
; Parameter Settings for User Entity Instance: my_top:my_top_instance|safe:safe_instance|register:cntr ;
+----------------+-------+-----------------------------------------------------------------------------+
; Parameter Name ; Value ; Type                                                                        ;
+----------------+-------+-----------------------------------------------------------------------------+
; WIDTH          ; 28    ; Signed Integer                                                              ;
+----------------+-------+-----------------------------------------------------------------------------+
Note: In order to hide this table in the UI and the text report file, please set the "Show Parameter Settings in Synthesis Report" option in "Analysis and Synthesis Settings -> More Settings" to "Off".


+-------------------------------------------------------------------------------------------------------+
; Parameter Settings for User Entity Instance: my_top:my_top_instance|safe:safe_instance|register:round ;
+----------------+-------+------------------------------------------------------------------------------+
; Parameter Name ; Value ; Type                                                                         ;
+----------------+-------+------------------------------------------------------------------------------+
; WIDTH          ; 2     ; Signed Integer                                                               ;
+----------------+-------+------------------------------------------------------------------------------+
Note: In order to hide this table in the UI and the text report file, please set the "Show Parameter Settings in Synthesis Report" option in "Analysis and Synthesis Settings -> More Settings" to "Off".


+------------------------------------------------------------------------------------------------------------------------------------------------------------------------------------------------------------------------+
; Port Connectivity Checks: "my_top:my_top_instance|safe:safe_instance|register:round"                                                                                                                                   ;
+------------------+-------+----------+----------------------------------------------------------------------------------------------------------------------------------------------------------------------------------+
; Port             ; Type  ; Severity ; Details                                                                                                                                                                          ;
+------------------+-------+----------+----------------------------------------------------------------------------------------------------------------------------------------------------------------------------------+
; data_input       ; Input ; Warning  ; Input port expression (4 bits) is wider than the input port (2 bits) it drives.  The 2 most-significant bit(s) in the expression will be dangling if they have no other fanouts. ;
; data_input[1..0] ; Input ; Info     ; Stuck at GND                                                                                                                                                                     ;
+------------------+-------+----------+----------------------------------------------------------------------------------------------------------------------------------------------------------------------------------+


+-------------------------------------------------------------------------------------+
; Port Connectivity Checks: "my_top:my_top_instance|safe:safe_instance|register:cntr" ;
+------------+-------+----------+-----------------------------------------------------+
; Port       ; Type  ; Severity ; Details                                             ;
+------------+-------+----------+-----------------------------------------------------+
; data_input ; Input ; Info     ; Stuck at GND                                        ;
+------------+-------+----------+-----------------------------------------------------+


+-----------------------------------------------------------------------------------------------------------+
; Port Connectivity Checks: "my_top:my_top_instance|safe:safe_instance|register:generate_block[2].register" ;
+---------+-------+----------+------------------------------------------------------------------------------+
; Port    ; Type  ; Severity ; Details                                                                      ;
+---------+-------+----------+------------------------------------------------------------------------------+
; ctrl[0] ; Input ; Info     ; Stuck at GND                                                                 ;
+---------+-------+----------+------------------------------------------------------------------------------+


+-----------------------------------------------------------------------------------------------------------+
; Port Connectivity Checks: "my_top:my_top_instance|safe:safe_instance|register:generate_block[1].register" ;
+---------+-------+----------+------------------------------------------------------------------------------+
; Port    ; Type  ; Severity ; Details                                                                      ;
+---------+-------+----------+------------------------------------------------------------------------------+
; ctrl[0] ; Input ; Info     ; Stuck at GND                                                                 ;
+---------+-------+----------+------------------------------------------------------------------------------+


+-----------------------------------------------------------------------------------------------------------+
; Port Connectivity Checks: "my_top:my_top_instance|safe:safe_instance|register:generate_block[0].register" ;
+---------+-------+----------+------------------------------------------------------------------------------+
; Port    ; Type  ; Severity ; Details                                                                      ;
+---------+-------+----------+------------------------------------------------------------------------------+
; ctrl[0] ; Input ; Info     ; Stuck at GND                                                                 ;
+---------+-------+----------+------------------------------------------------------------------------------+


+-------------------------------------------------------------------------------------------------------------------------+
; Port Connectivity Checks: "my_top:my_top_instance|pushed_button_duration:pushed_button_duration_instance|register:cntr" ;
+------------+-------+----------+-----------------------------------------------------------------------------------------+
; Port       ; Type  ; Severity ; Details                                                                                 ;
+------------+-------+----------+-----------------------------------------------------------------------------------------+
; data_input ; Input ; Info     ; Stuck at GND                                                                            ;
+------------+-------+----------+-----------------------------------------------------------------------------------------+


+-------------------------------+
; Elapsed Time Per Partition    ;
+----------------+--------------+
; Partition Name ; Elapsed Time ;
+----------------+--------------+
; Top            ; 00:00:00     ;
+----------------+--------------+


+-------------------------------+
; Analysis & Synthesis Messages ;
+-------------------------------+
Info: *******************************************************************
Info: Running Quartus II 64-Bit Analysis & Synthesis
    Info: Version 13.0.1 Build 232 06/12/2013 Service Pack 1 SJ Web Edition
    Info: Processing started: Sun Dec 13 15:58:40 2020
Info: Command: quartus_map --read_settings_files=on --write_settings_files=off DE0_TOP -c DE0_TOP
Warning (20028): Parallel compilation is not licensed and has been disabled
Info (12021): Found 1 design units, including 1 entities, in source file my_top.v
    Info (12023): Found entity 1: my_top
Info (12021): Found 1 design units, including 1 entities, in source file safe.v
    Info (12023): Found entity 1: safe
Info (12021): Found 1 design units, including 1 entities, in source file pushed_button_duration.v
    Info (12023): Found entity 1: pushed_button_duration
Info (12021): Found 1 design units, including 1 entities, in source file register.v
    Info (12023): Found entity 1: register
Info (12021): Found 1 design units, including 1 entities, in source file de0_top.v
    Info (12023): Found entity 1: DE0_TOP
Info (12127): Elaborating entity "DE0_TOP" for the top level hierarchy
Warning (10034): Output port "HEX1_D" at DE0_TOP.v(135) has no driver
Warning (10034): Output port "HEX2_D" at DE0_TOP.v(137) has no driver
Warning (10034): Output port "HEX3_D" at DE0_TOP.v(139) has no driver
Warning (10034): Output port "LEDG" at DE0_TOP.v(142) has no driver
Warning (10034): Output port "DRAM_ADDR" at DE0_TOP.v(150) has no driver
Warning (10034): Output port "FL_ADDR" at DE0_TOP.v(164) has no driver
Warning (10034): Output port "VGA_R" at DE0_TOP.v(192) has no driver
Warning (10034): Output port "VGA_G" at DE0_TOP.v(193) has no driver
Warning (10034): Output port "VGA_B" at DE0_TOP.v(194) has no driver
Warning (10034): Output port "GPIO0_CLKOUT" at DE0_TOP.v(197) has no driver
Warning (10034): Output port "GPIO1_CLKOUT" at DE0_TOP.v(200) has no driver
Warning (10034): Output port "HEX1_DP" at DE0_TOP.v(136) has no driver
Warning (10034): Output port "HEX2_DP" at DE0_TOP.v(138) has no driver
Warning (10034): Output port "HEX3_DP" at DE0_TOP.v(140) has no driver
Warning (10034): Output port "UART_TXD" at DE0_TOP.v(144) has no driver
Warning (10034): Output port "UART_CTS" at DE0_TOP.v(146) has no driver
Warning (10034): Output port "DRAM_LDQM" at DE0_TOP.v(151) has no driver
Warning (10034): Output port "DRAM_UDQM" at DE0_TOP.v(152) has no driver
Warning (10034): Output port "DRAM_WE_N" at DE0_TOP.v(153) has no driver
Warning (10034): Output port "DRAM_CAS_N" at DE0_TOP.v(154) has no driver
Warning (10034): Output port "DRAM_RAS_N" at DE0_TOP.v(155) has no driver
Warning (10034): Output port "DRAM_CS_N" at DE0_TOP.v(156) has no driver
Warning (10034): Output port "DRAM_BA_0" at DE0_TOP.v(157) has no driver
Warning (10034): Output port "DRAM_BA_1" at DE0_TOP.v(158) has no driver
Warning (10034): Output port "DRAM_CLK" at DE0_TOP.v(159) has no driver
Warning (10034): Output port "DRAM_CKE" at DE0_TOP.v(160) has no driver
Warning (10034): Output port "FL_WE_N" at DE0_TOP.v(165) has no driver
Warning (10034): Output port "FL_RST_N" at DE0_TOP.v(166) has no driver
Warning (10034): Output port "FL_OE_N" at DE0_TOP.v(167) has no driver
Warning (10034): Output port "FL_CE_N" at DE0_TOP.v(168) has no driver
Warning (10034): Output port "FL_WP_N" at DE0_TOP.v(169) has no driver
Warning (10034): Output port "FL_BYTE_N" at DE0_TOP.v(170) has no driver
Warning (10034): Output port "LCD_BLON" at DE0_TOP.v(174) has no driver
Warning (10034): Output port "LCD_RW" at DE0_TOP.v(175) has no driver
Warning (10034): Output port "LCD_EN" at DE0_TOP.v(176) has no driver
Warning (10034): Output port "LCD_RS" at DE0_TOP.v(177) has no driver
Warning (10034): Output port "SD_CLK" at DE0_TOP.v(182) has no driver
Warning (10034): Output port "VGA_HS" at DE0_TOP.v(190) has no driver
Warning (10034): Output port "VGA_VS" at DE0_TOP.v(191) has no driver
Info (12128): Elaborating entity "my_top" for hierarchy "my_top:my_top_instance"
Info (12128): Elaborating entity "pushed_button_duration" for hierarchy "my_top:my_top_instance|pushed_button_duration:pushed_button_duration_instance"
Info (12128): Elaborating entity "register" for hierarchy "my_top:my_top_instance|pushed_button_duration:pushed_button_duration_instance|register:cntr"
Info (12128): Elaborating entity "safe" for hierarchy "my_top:my_top_instance|safe:safe_instance"
Warning (10270): Verilog HDL Case Statement warning at safe.v(192): incomplete case statement has no default case item
Warning (10776): Verilog HDL warning at safe.v(187): variable seven_seg in static task or function seven_seg may have unintended latch behavior
Warning (10241): Verilog HDL Function Declaration warning at safe.v(187): function "seven_seg" may return a Don't Care value because its output register may not be assigned a value in every possible path through the function
Warning (10027): Verilog HDL or VHDL warning at the safe.v(179): index expression is not wide enough to address all of the elements in the array
Warning (10240): Verilog HDL Always Construct warning at safe.v(99): inferring latch(es) for variable "k", which holds its previous value in one or more paths through the always construct
Warning (10030): Net "seven_seg" at safe.v(187) has no driver or initial value, using a default initial value '0'
Info (12128): Elaborating entity "register" for hierarchy "my_top:my_top_instance|safe:safe_instance|register:generate_block[0].register"
Info (12128): Elaborating entity "register" for hierarchy "my_top:my_top_instance|safe:safe_instance|register:round"
Warning (12241): 1 hierarchies have connectivity warnings - see the Connectivity Checks report folder
Warning (13039): The following bidir pins have no drivers
    Warning (13040): Bidir "DRAM_DQ[0]" has no driver
    Warning (13040): Bidir "DRAM_DQ[1]" has no driver
    Warning (13040): Bidir "DRAM_DQ[2]" has no driver
    Warning (13040): Bidir "DRAM_DQ[3]" has no driver
    Warning (13040): Bidir "DRAM_DQ[4]" has no driver
    Warning (13040): Bidir "DRAM_DQ[5]" has no driver
    Warning (13040): Bidir "DRAM_DQ[6]" has no driver
    Warning (13040): Bidir "DRAM_DQ[7]" has no driver
    Warning (13040): Bidir "DRAM_DQ[8]" has no driver
    Warning (13040): Bidir "DRAM_DQ[9]" has no driver
    Warning (13040): Bidir "DRAM_DQ[10]" has no driver
    Warning (13040): Bidir "DRAM_DQ[11]" has no driver
    Warning (13040): Bidir "DRAM_DQ[12]" has no driver
    Warning (13040): Bidir "DRAM_DQ[13]" has no driver
    Warning (13040): Bidir "DRAM_DQ[14]" has no driver
    Warning (13040): Bidir "DRAM_DQ[15]" has no driver
    Warning (13040): Bidir "FL_DQ[0]" has no driver
    Warning (13040): Bidir "FL_DQ[1]" has no driver
    Warning (13040): Bidir "FL_DQ[2]" has no driver
    Warning (13040): Bidir "FL_DQ[3]" has no driver
    Warning (13040): Bidir "FL_DQ[4]" has no driver
    Warning (13040): Bidir "FL_DQ[5]" has no driver
    Warning (13040): Bidir "FL_DQ[6]" has no driver
    Warning (13040): Bidir "FL_DQ[7]" has no driver
    Warning (13040): Bidir "FL_DQ[8]" has no driver
    Warning (13040): Bidir "FL_DQ[9]" has no driver
    Warning (13040): Bidir "FL_DQ[10]" has no driver
    Warning (13040): Bidir "FL_DQ[11]" has no driver
    Warning (13040): Bidir "FL_DQ[12]" has no driver
    Warning (13040): Bidir "FL_DQ[13]" has no driver
    Warning (13040): Bidir "FL_DQ[14]" has no driver
    Warning (13040): Bidir "FL_DQ15_AM1" has no driver
    Warning (13040): Bidir "LCD_DATA[0]" has no driver
    Warning (13040): Bidir "LCD_DATA[1]" has no driver
    Warning (13040): Bidir "LCD_DATA[2]" has no driver
    Warning (13040): Bidir "LCD_DATA[3]" has no driver
    Warning (13040): Bidir "LCD_DATA[4]" has no driver
    Warning (13040): Bidir "LCD_DATA[5]" has no driver
    Warning (13040): Bidir "LCD_DATA[6]" has no driver
    Warning (13040): Bidir "LCD_DATA[7]" has no driver
    Warning (13040): Bidir "SD_DAT0" has no driver
    Warning (13040): Bidir "SD_DAT3" has no driver
    Warning (13040): Bidir "SD_CMD" has no driver
    Warning (13040): Bidir "PS2_KBDAT" has no driver
    Warning (13040): Bidir "PS2_KBCLK" has no driver
    Warning (13040): Bidir "PS2_MSDAT" has no driver
    Warning (13040): Bidir "PS2_MSCLK" has no driver
    Warning (13040): Bidir "GPIO0_D[0]" has no driver
    Warning (13040): Bidir "GPIO0_D[1]" has no driver
    Warning (13040): Bidir "GPIO0_D[2]" has no driver
    Warning (13040): Bidir "GPIO0_D[3]" has no driver
    Warning (13040): Bidir "GPIO0_D[4]" has no driver
    Warning (13040): Bidir "GPIO0_D[5]" has no driver
    Warning (13040): Bidir "GPIO0_D[6]" has no driver
    Warning (13040): Bidir "GPIO0_D[7]" has no driver
    Warning (13040): Bidir "GPIO0_D[8]" has no driver
    Warning (13040): Bidir "GPIO0_D[9]" has no driver
    Warning (13040): Bidir "GPIO0_D[10]" has no driver
    Warning (13040): Bidir "GPIO0_D[11]" has no driver
    Warning (13040): Bidir "GPIO0_D[12]" has no driver
    Warning (13040): Bidir "GPIO0_D[13]" has no driver
    Warning (13040): Bidir "GPIO0_D[14]" has no driver
    Warning (13040): Bidir "GPIO0_D[15]" has no driver
    Warning (13040): Bidir "GPIO0_D[16]" has no driver
    Warning (13040): Bidir "GPIO0_D[17]" has no driver
    Warning (13040): Bidir "GPIO0_D[18]" has no driver
    Warning (13040): Bidir "GPIO0_D[19]" has no driver
    Warning (13040): Bidir "GPIO0_D[20]" has no driver
    Warning (13040): Bidir "GPIO0_D[21]" has no driver
    Warning (13040): Bidir "GPIO0_D[22]" has no driver
    Warning (13040): Bidir "GPIO0_D[23]" has no driver
    Warning (13040): Bidir "GPIO0_D[24]" has no driver
    Warning (13040): Bidir "GPIO0_D[25]" has no driver
    Warning (13040): Bidir "GPIO0_D[26]" has no driver
    Warning (13040): Bidir "GPIO0_D[27]" has no driver
    Warning (13040): Bidir "GPIO0_D[28]" has no driver
    Warning (13040): Bidir "GPIO0_D[29]" has no driver
    Warning (13040): Bidir "GPIO0_D[30]" has no driver
    Warning (13040): Bidir "GPIO0_D[31]" has no driver
    Warning (13040): Bidir "GPIO1_D[0]" has no driver
    Warning (13040): Bidir "GPIO1_D[1]" has no driver
    Warning (13040): Bidir "GPIO1_D[2]" has no driver
    Warning (13040): Bidir "GPIO1_D[3]" has no driver
    Warning (13040): Bidir "GPIO1_D[4]" has no driver
    Warning (13040): Bidir "GPIO1_D[5]" has no driver
    Warning (13040): Bidir "GPIO1_D[6]" has no driver
    Warning (13040): Bidir "GPIO1_D[7]" has no driver
    Warning (13040): Bidir "GPIO1_D[8]" has no driver
    Warning (13040): Bidir "GPIO1_D[9]" has no driver
    Warning (13040): Bidir "GPIO1_D[10]" has no driver
    Warning (13040): Bidir "GPIO1_D[11]" has no driver
    Warning (13040): Bidir "GPIO1_D[12]" has no driver
    Warning (13040): Bidir "GPIO1_D[13]" has no driver
    Warning (13040): Bidir "GPIO1_D[14]" has no driver
    Warning (13040): Bidir "GPIO1_D[15]" has no driver
    Warning (13040): Bidir "GPIO1_D[16]" has no driver
    Warning (13040): Bidir "GPIO1_D[17]" has no driver
    Warning (13040): Bidir "GPIO1_D[18]" has no driver
    Warning (13040): Bidir "GPIO1_D[19]" has no driver
    Warning (13040): Bidir "GPIO1_D[20]" has no driver
    Warning (13040): Bidir "GPIO1_D[21]" has no driver
    Warning (13040): Bidir "GPIO1_D[22]" has no driver
    Warning (13040): Bidir "GPIO1_D[23]" has no driver
    Warning (13040): Bidir "GPIO1_D[24]" has no driver
    Warning (13040): Bidir "GPIO1_D[25]" has no driver
    Warning (13040): Bidir "GPIO1_D[26]" has no driver
    Warning (13040): Bidir "GPIO1_D[27]" has no driver
    Warning (13040): Bidir "GPIO1_D[28]" has no driver
    Warning (13040): Bidir "GPIO1_D[29]" has no driver
    Warning (13040): Bidir "GPIO1_D[30]" has no driver
    Warning (13040): Bidir "GPIO1_D[31]" has no driver
Warning (13024): Output pins are stuck at VCC or GND
    Warning (13410): Pin "HEX1_D[0]" is stuck at GND
    Warning (13410): Pin "HEX1_D[1]" is stuck at GND
    Warning (13410): Pin "HEX1_D[2]" is stuck at GND
    Warning (13410): Pin "HEX1_D[3]" is stuck at GND
    Warning (13410): Pin "HEX1_D[4]" is stuck at GND
    Warning (13410): Pin "HEX1_D[5]" is stuck at GND
    Warning (13410): Pin "HEX1_D[6]" is stuck at GND
    Warning (13410): Pin "HEX1_DP" is stuck at GND
    Warning (13410): Pin "HEX2_D[0]" is stuck at GND
    Warning (13410): Pin "HEX2_D[1]" is stuck at GND
    Warning (13410): Pin "HEX2_D[2]" is stuck at GND
    Warning (13410): Pin "HEX2_D[3]" is stuck at GND
    Warning (13410): Pin "HEX2_D[4]" is stuck at GND
    Warning (13410): Pin "HEX2_D[5]" is stuck at GND
    Warning (13410): Pin "HEX2_D[6]" is stuck at GND
    Warning (13410): Pin "HEX2_DP" is stuck at GND
    Warning (13410): Pin "HEX3_D[0]" is stuck at GND
    Warning (13410): Pin "HEX3_D[1]" is stuck at GND
    Warning (13410): Pin "HEX3_D[2]" is stuck at GND
    Warning (13410): Pin "HEX3_D[3]" is stuck at GND
    Warning (13410): Pin "HEX3_D[4]" is stuck at GND
    Warning (13410): Pin "HEX3_D[5]" is stuck at GND
    Warning (13410): Pin "HEX3_D[6]" is stuck at GND
    Warning (13410): Pin "HEX3_DP" is stuck at GND
    Warning (13410): Pin "LEDG[0]" is stuck at GND
    Warning (13410): Pin "LEDG[1]" is stuck at GND
    Warning (13410): Pin "LEDG[2]" is stuck at GND
    Warning (13410): Pin "LEDG[3]" is stuck at GND
    Warning (13410): Pin "LEDG[4]" is stuck at GND
    Warning (13410): Pin "LEDG[5]" is stuck at GND
    Warning (13410): Pin "LEDG[6]" is stuck at GND
    Warning (13410): Pin "LEDG[7]" is stuck at GND
    Warning (13410): Pin "LEDG[8]" is stuck at GND
    Warning (13410): Pin "LEDG[9]" is stuck at GND
    Warning (13410): Pin "UART_TXD" is stuck at GND
    Warning (13410): Pin "UART_CTS" is stuck at GND
    Warning (13410): Pin "DRAM_ADDR[0]" is stuck at GND
    Warning (13410): Pin "DRAM_ADDR[1]" is stuck at GND
    Warning (13410): Pin "DRAM_ADDR[2]" is stuck at GND
    Warning (13410): Pin "DRAM_ADDR[3]" is stuck at GND
    Warning (13410): Pin "DRAM_ADDR[4]" is stuck at GND
    Warning (13410): Pin "DRAM_ADDR[5]" is stuck at GND
    Warning (13410): Pin "DRAM_ADDR[6]" is stuck at GND
    Warning (13410): Pin "DRAM_ADDR[7]" is stuck at GND
    Warning (13410): Pin "DRAM_ADDR[8]" is stuck at GND
    Warning (13410): Pin "DRAM_ADDR[9]" is stuck at GND
    Warning (13410): Pin "DRAM_ADDR[10]" is stuck at GND
    Warning (13410): Pin "DRAM_ADDR[11]" is stuck at GND
    Warning (13410): Pin "DRAM_ADDR[12]" is stuck at GND
    Warning (13410): Pin "DRAM_LDQM" is stuck at GND
    Warning (13410): Pin "DRAM_UDQM" is stuck at GND
    Warning (13410): Pin "DRAM_WE_N" is stuck at GND
    Warning (13410): Pin "DRAM_CAS_N" is stuck at GND
    Warning (13410): Pin "DRAM_RAS_N" is stuck at GND
    Warning (13410): Pin "DRAM_CS_N" is stuck at GND
    Warning (13410): Pin "DRAM_BA_0" is stuck at GND
    Warning (13410): Pin "DRAM_BA_1" is stuck at GND
    Warning (13410): Pin "DRAM_CLK" is stuck at GND
    Warning (13410): Pin "DRAM_CKE" is stuck at GND
    Warning (13410): Pin "FL_ADDR[0]" is stuck at GND
    Warning (13410): Pin "FL_ADDR[1]" is stuck at GND
    Warning (13410): Pin "FL_ADDR[2]" is stuck at GND
    Warning (13410): Pin "FL_ADDR[3]" is stuck at GND
    Warning (13410): Pin "FL_ADDR[4]" is stuck at GND
    Warning (13410): Pin "FL_ADDR[5]" is stuck at GND
    Warning (13410): Pin "FL_ADDR[6]" is stuck at GND
    Warning (13410): Pin "FL_ADDR[7]" is stuck at GND
    Warning (13410): Pin "FL_ADDR[8]" is stuck at GND
    Warning (13410): Pin "FL_ADDR[9]" is stuck at GND
    Warning (13410): Pin "FL_ADDR[10]" is stuck at GND
    Warning (13410): Pin "FL_ADDR[11]" is stuck at GND
    Warning (13410): Pin "FL_ADDR[12]" is stuck at GND
    Warning (13410): Pin "FL_ADDR[13]" is stuck at GND
    Warning (13410): Pin "FL_ADDR[14]" is stuck at GND
    Warning (13410): Pin "FL_ADDR[15]" is stuck at GND
    Warning (13410): Pin "FL_ADDR[16]" is stuck at GND
    Warning (13410): Pin "FL_ADDR[17]" is stuck at GND
    Warning (13410): Pin "FL_ADDR[18]" is stuck at GND
    Warning (13410): Pin "FL_ADDR[19]" is stuck at GND
    Warning (13410): Pin "FL_ADDR[20]" is stuck at GND
    Warning (13410): Pin "FL_ADDR[21]" is stuck at GND
    Warning (13410): Pin "FL_WE_N" is stuck at GND
    Warning (13410): Pin "FL_RST_N" is stuck at GND
    Warning (13410): Pin "FL_OE_N" is stuck at GND
    Warning (13410): Pin "FL_CE_N" is stuck at GND
    Warning (13410): Pin "FL_WP_N" is stuck at GND
    Warning (13410): Pin "FL_BYTE_N" is stuck at GND
    Warning (13410): Pin "LCD_BLON" is stuck at GND
    Warning (13410): Pin "LCD_RW" is stuck at GND
    Warning (13410): Pin "LCD_EN" is stuck at GND
    Warning (13410): Pin "LCD_RS" is stuck at GND
    Warning (13410): Pin "SD_CLK" is stuck at GND
    Warning (13410): Pin "VGA_HS" is stuck at GND
    Warning (13410): Pin "VGA_VS" is stuck at GND
    Warning (13410): Pin "VGA_R[0]" is stuck at GND
    Warning (13410): Pin "VGA_R[1]" is stuck at GND
    Warning (13410): Pin "VGA_R[2]" is stuck at GND
    Warning (13410): Pin "VGA_R[3]" is stuck at GND
    Warning (13410): Pin "VGA_G[0]" is stuck at GND
    Warning (13410): Pin "VGA_G[1]" is stuck at GND
    Warning (13410): Pin "VGA_G[2]" is stuck at GND
    Warning (13410): Pin "VGA_G[3]" is stuck at GND
    Warning (13410): Pin "VGA_B[0]" is stuck at GND
    Warning (13410): Pin "VGA_B[1]" is stuck at GND
    Warning (13410): Pin "VGA_B[2]" is stuck at GND
    Warning (13410): Pin "VGA_B[3]" is stuck at GND
    Warning (13410): Pin "GPIO0_CLKOUT[0]" is stuck at GND
    Warning (13410): Pin "GPIO0_CLKOUT[1]" is stuck at GND
    Warning (13410): Pin "GPIO1_CLKOUT[0]" is stuck at GND
    Warning (13410): Pin "GPIO1_CLKOUT[1]" is stuck at GND
Info (286030): Timing-Driven Synthesis is running
Info (16010): Generating hard_block partition "hard_block:auto_generated_inst"
    Info (16011): Adding 0 node(s), including 0 DDIO, 0 PLL, 0 transceiver and 0 LCELL
Warning (21074): Design contains 16 input pin(s) that do not drive logic
    Warning (15610): No output dependent on input pin "CLOCK_50_2"
    Warning (15610): No output dependent on input pin "BUTTON[1]"
    Warning (15610): No output dependent on input pin "BUTTON[2]"
    Warning (15610): No output dependent on input pin "SW[4]"
    Warning (15610): No output dependent on input pin "SW[5]"
    Warning (15610): No output dependent on input pin "SW[6]"
    Warning (15610): No output dependent on input pin "SW[7]"
    Warning (15610): No output dependent on input pin "SW[8]"
    Warning (15610): No output dependent on input pin "UART_RXD"
    Warning (15610): No output dependent on input pin "UART_RTS"
    Warning (15610): No output dependent on input pin "FL_RY"
    Warning (15610): No output dependent on input pin "SD_WP_N"
    Warning (15610): No output dependent on input pin "GPIO0_CLKIN[0]"
    Warning (15610): No output dependent on input pin "GPIO0_CLKIN[1]"
    Warning (15610): No output dependent on input pin "GPIO1_CLKIN[0]"
    Warning (15610): No output dependent on input pin "GPIO1_CLKIN[1]"
Info (21057): Implemented 429 device resources after synthesis - the final resource count might be different
    Info (21058): Implemented 23 input pins
    Info (21059): Implemented 118 output pins
    Info (21060): Implemented 111 bidirectional pins
    Info (21061): Implemented 177 logic cells
Info: Quartus II 64-Bit Analysis & Synthesis was successful. 0 errors, 287 warnings
    Info: Peak virtual memory: 4614 megabytes
    Info: Processing ended: Sun Dec 13 15:58:44 2020
    Info: Elapsed time: 00:00:04
    Info: Total CPU time (on all processors): 00:00:04


